<?xml version="1.0"?>
<link_info>
   <banner>TMS320C55x Linker PC v4.4.1</banner>
   <copyright>Copyright (c) 1996-2012 Texas Instruments Incorporated</copyright>
   <link_time>0x5a6757d9</link_time>
   <output_file>sdram.out</output_file>
   <entry_point>
      <name>_c_int00</name>
      <address>0x5ca5</address>
   </entry_point>
   <input_file_list>
      <input_file id="fl-2">
         <path>.\</path>
         <kind>object</kind>
         <file>fft.obj</file>
         <name>fft.obj</name>
      </input_file>
      <input_file id="fl-3">
         <path>.\</path>
         <kind>object</kind>
         <file>main.obj</file>
         <name>main.obj</name>
      </input_file>
      <input_file id="fl-4">
         <path>.\</path>
         <kind>object</kind>
         <file>sdram_test.obj</file>
         <name>sdram_test.obj</name>
      </input_file>
      <input_file id="fl-a">
         <path>C:\Program Files (x86)\Texas Instruments\ccsv4\emulation\boards\ezdsp5502_v1\lib\</path>
         <kind>archive</kind>
         <file>ezdsp5502bsl.lib</file>
         <name>ezdsp5502.obj</name>
      </input_file>
      <input_file id="fl-b">
         <path>C:\Program Files (x86)\Texas Instruments\ccsv4\emulation\boards\ezdsp5502_v1\lib\</path>
         <kind>archive</kind>
         <file>ezdsp5502bsl.lib</file>
         <name>ezdsp5502_i2c.obj</name>
      </input_file>
      <input_file id="fl-c">
         <path>C:\Program Files (x86)\Texas Instruments\ccsv4\emulation\boards\ezdsp5502_v1\lib\</path>
         <kind>archive</kind>
         <file>ezdsp5502bsl.lib</file>
         <name>ezdsp5502_i2cgpio.obj</name>
      </input_file>
      <input_file id="fl-d">
         <path>C:\ti\ccsv7\tools\compiler\c5500_4.4.1\lib\</path>
         <kind>archive</kind>
         <file>rts55x.lib</file>
         <name>addd.obj</name>
      </input_file>
      <input_file id="fl-e">
         <path>C:\ti\ccsv7\tools\compiler\c5500_4.4.1\lib\</path>
         <kind>archive</kind>
         <file>rts55x.lib</file>
         <name>boot.obj</name>
      </input_file>
      <input_file id="fl-f">
         <path>C:\ti\ccsv7\tools\compiler\c5500_4.4.1\lib\</path>
         <kind>archive</kind>
         <file>rts55x.lib</file>
         <name>divd.obj</name>
      </input_file>
      <input_file id="fl-10">
         <path>C:\ti\ccsv7\tools\compiler\c5500_4.4.1\lib\</path>
         <kind>archive</kind>
         <file>rts55x.lib</file>
         <name>exit.obj</name>
      </input_file>
      <input_file id="fl-11">
         <path>C:\ti\ccsv7\tools\compiler\c5500_4.4.1\lib\</path>
         <kind>archive</kind>
         <file>rts55x.lib</file>
         <name>fixdu.obj</name>
      </input_file>
      <input_file id="fl-12">
         <path>C:\ti\ccsv7\tools\compiler\c5500_4.4.1\lib\</path>
         <kind>archive</kind>
         <file>rts55x.lib</file>
         <name>fixdul.obj</name>
      </input_file>
      <input_file id="fl-13">
         <path>C:\ti\ccsv7\tools\compiler\c5500_4.4.1\lib\</path>
         <kind>archive</kind>
         <file>rts55x.lib</file>
         <name>fltid.obj</name>
      </input_file>
      <input_file id="fl-14">
         <path>C:\ti\ccsv7\tools\compiler\c5500_4.4.1\lib\</path>
         <kind>archive</kind>
         <file>rts55x.lib</file>
         <name>fltlid.obj</name>
      </input_file>
      <input_file id="fl-15">
         <path>C:\ti\ccsv7\tools\compiler\c5500_4.4.1\lib\</path>
         <kind>archive</kind>
         <file>rts55x.lib</file>
         <name>fltud.obj</name>
      </input_file>
      <input_file id="fl-16">
         <path>C:\ti\ccsv7\tools\compiler\c5500_4.4.1\lib\</path>
         <kind>archive</kind>
         <file>rts55x.lib</file>
         <name>fltuld.obj</name>
      </input_file>
      <input_file id="fl-17">
         <path>C:\ti\ccsv7\tools\compiler\c5500_4.4.1\lib\</path>
         <kind>archive</kind>
         <file>rts55x.lib</file>
         <name>frcmpyd_div.obj</name>
      </input_file>
      <input_file id="fl-18">
         <path>C:\ti\ccsv7\tools\compiler\c5500_4.4.1\lib\</path>
         <kind>archive</kind>
         <file>rts55x.lib</file>
         <name>lmpy.obj</name>
      </input_file>
      <input_file id="fl-19">
         <path>C:\ti\ccsv7\tools\compiler\c5500_4.4.1\lib\</path>
         <kind>archive</kind>
         <file>rts55x.lib</file>
         <name>mpyd.obj</name>
      </input_file>
      <input_file id="fl-1a">
         <path>C:\ti\ccsv7\tools\compiler\c5500_4.4.1\lib\</path>
         <kind>archive</kind>
         <file>rts55x.lib</file>
         <name>printf.obj</name>
      </input_file>
      <input_file id="fl-1b">
         <path>C:\ti\ccsv7\tools\compiler\c5500_4.4.1\lib\</path>
         <kind>archive</kind>
         <file>rts55x.lib</file>
         <name>sin.obj</name>
      </input_file>
      <input_file id="fl-1c">
         <path>C:\ti\ccsv7\tools\compiler\c5500_4.4.1\lib\</path>
         <kind>archive</kind>
         <file>rts55x.lib</file>
         <name>subd.obj</name>
      </input_file>
      <input_file id="fl-1d">
         <path>C:\ti\ccsv7\tools\compiler\c5500_4.4.1\lib\</path>
         <kind>archive</kind>
         <file>rts55x.lib</file>
         <name>trunc.obj</name>
      </input_file>
      <input_file id="fl-1e">
         <path>C:\ti\ccsv7\tools\compiler\c5500_4.4.1\lib\</path>
         <kind>archive</kind>
         <file>rts55x.lib</file>
         <name>vectors.obj</name>
      </input_file>
      <input_file id="fl-1f">
         <path>C:\ti\ccsv7\tools\compiler\c5500_4.4.1\lib\</path>
         <kind>archive</kind>
         <file>rts55x.lib</file>
         <name>_lock.obj</name>
      </input_file>
      <input_file id="fl-20">
         <path>C:\ti\ccsv7\tools\compiler\c5500_4.4.1\lib\</path>
         <kind>archive</kind>
         <file>rts55x.lib</file>
         <name>_printfi.obj</name>
      </input_file>
      <input_file id="fl-21">
         <path>C:\ti\ccsv7\tools\compiler\c5500_4.4.1\lib\</path>
         <kind>archive</kind>
         <file>rts55x.lib</file>
         <name>args_main.obj</name>
      </input_file>
      <input_file id="fl-22">
         <path>C:\ti\ccsv7\tools\compiler\c5500_4.4.1\lib\</path>
         <kind>archive</kind>
         <file>rts55x.lib</file>
         <name>atoi.obj</name>
      </input_file>
      <input_file id="fl-23">
         <path>C:\ti\ccsv7\tools\compiler\c5500_4.4.1\lib\</path>
         <kind>archive</kind>
         <file>rts55x.lib</file>
         <name>autoinit.obj</name>
      </input_file>
      <input_file id="fl-24">
         <path>C:\ti\ccsv7\tools\compiler\c5500_4.4.1\lib\</path>
         <kind>archive</kind>
         <file>rts55x.lib</file>
         <name>cmpd.obj</name>
      </input_file>
      <input_file id="fl-25">
         <path>C:\ti\ccsv7\tools\compiler\c5500_4.4.1\lib\</path>
         <kind>archive</kind>
         <file>rts55x.lib</file>
         <name>ctype.obj</name>
      </input_file>
      <input_file id="fl-26">
         <path>C:\ti\ccsv7\tools\compiler\c5500_4.4.1\lib\</path>
         <kind>archive</kind>
         <file>rts55x.lib</file>
         <name>defs.obj</name>
      </input_file>
      <input_file id="fl-27">
         <path>C:\ti\ccsv7\tools\compiler\c5500_4.4.1\lib\</path>
         <kind>archive</kind>
         <file>rts55x.lib</file>
         <name>divul.obj</name>
      </input_file>
      <input_file id="fl-28">
         <path>C:\ti\ccsv7\tools\compiler\c5500_4.4.1\lib\</path>
         <kind>archive</kind>
         <file>rts55x.lib</file>
         <name>fixdi.obj</name>
      </input_file>
      <input_file id="fl-29">
         <path>C:\ti\ccsv7\tools\compiler\c5500_4.4.1\lib\</path>
         <kind>archive</kind>
         <file>rts55x.lib</file>
         <name>fixdli.obj</name>
      </input_file>
      <input_file id="fl-2a">
         <path>C:\ti\ccsv7\tools\compiler\c5500_4.4.1\lib\</path>
         <kind>archive</kind>
         <file>rts55x.lib</file>
         <name>fputc.obj</name>
      </input_file>
      <input_file id="fl-2b">
         <path>C:\ti\ccsv7\tools\compiler\c5500_4.4.1\lib\</path>
         <kind>archive</kind>
         <file>rts55x.lib</file>
         <name>fputs.obj</name>
      </input_file>
      <input_file id="fl-2c">
         <path>C:\ti\ccsv7\tools\compiler\c5500_4.4.1\lib\</path>
         <kind>archive</kind>
         <file>rts55x.lib</file>
         <name>frcmpyd.obj</name>
      </input_file>
      <input_file id="fl-2d">
         <path>C:\ti\ccsv7\tools\compiler\c5500_4.4.1\lib\</path>
         <kind>archive</kind>
         <file>rts55x.lib</file>
         <name>isinf.obj</name>
      </input_file>
      <input_file id="fl-2e">
         <path>C:\ti\ccsv7\tools\compiler\c5500_4.4.1\lib\</path>
         <kind>archive</kind>
         <file>rts55x.lib</file>
         <name>llmpy.obj</name>
      </input_file>
      <input_file id="fl-2f">
         <path>C:\ti\ccsv7\tools\compiler\c5500_4.4.1\lib\</path>
         <kind>archive</kind>
         <file>rts55x.lib</file>
         <name>lowlev.obj</name>
      </input_file>
      <input_file id="fl-30">
         <path>C:\ti\ccsv7\tools\compiler\c5500_4.4.1\lib\</path>
         <kind>archive</kind>
         <file>rts55x.lib</file>
         <name>ltoa.obj</name>
      </input_file>
      <input_file id="fl-31">
         <path>C:\ti\ccsv7\tools\compiler\c5500_4.4.1\lib\</path>
         <kind>archive</kind>
         <file>rts55x.lib</file>
         <name>memccpy.obj</name>
      </input_file>
      <input_file id="fl-32">
         <path>C:\ti\ccsv7\tools\compiler\c5500_4.4.1\lib\</path>
         <kind>archive</kind>
         <file>rts55x.lib</file>
         <name>memcpy.obj</name>
      </input_file>
      <input_file id="fl-33">
         <path>C:\ti\ccsv7\tools\compiler\c5500_4.4.1\lib\</path>
         <kind>archive</kind>
         <file>rts55x.lib</file>
         <name>modf.obj</name>
      </input_file>
      <input_file id="fl-34">
         <path>C:\ti\ccsv7\tools\compiler\c5500_4.4.1\lib\</path>
         <kind>archive</kind>
         <file>rts55x.lib</file>
         <name>negd.obj</name>
      </input_file>
      <input_file id="fl-35">
         <path>C:\ti\ccsv7\tools\compiler\c5500_4.4.1\lib\</path>
         <kind>archive</kind>
         <file>rts55x.lib</file>
         <name>remli.obj</name>
      </input_file>
      <input_file id="fl-36">
         <path>C:\ti\ccsv7\tools\compiler\c5500_4.4.1\lib\</path>
         <kind>archive</kind>
         <file>rts55x.lib</file>
         <name>remul.obj</name>
      </input_file>
      <input_file id="fl-37">
         <path>C:\ti\ccsv7\tools\compiler\c5500_4.4.1\lib\</path>
         <kind>archive</kind>
         <file>rts55x.lib</file>
         <name>round.obj</name>
      </input_file>
      <input_file id="fl-38">
         <path>C:\ti\ccsv7\tools\compiler\c5500_4.4.1\lib\</path>
         <kind>archive</kind>
         <file>rts55x.lib</file>
         <name>trgdrv.obj</name>
      </input_file>
      <input_file id="fl-39">
         <path>C:\ti\ccsv7\tools\compiler\c5500_4.4.1\lib\</path>
         <kind>archive</kind>
         <file>rts55x.lib</file>
         <name>trgmsg.obj</name>
      </input_file>
      <input_file id="fl-3a">
         <path>C:\ti\ccsv7\tools\compiler\c5500_4.4.1\lib\</path>
         <kind>archive</kind>
         <file>rts55x.lib</file>
         <name>udiv.obj</name>
      </input_file>
      <input_file id="fl-3b">
         <path>C:\ti\ccsv7\tools\compiler\c5500_4.4.1\lib\</path>
         <kind>archive</kind>
         <file>rts55x.lib</file>
         <name>_io_perm.obj</name>
      </input_file>
      <input_file id="fl-3c">
         <path>C:\ti\ccsv7\tools\compiler\c5500_4.4.1\lib\</path>
         <kind>archive</kind>
         <file>rts55x.lib</file>
         <name>divli.obj</name>
      </input_file>
      <input_file id="fl-3d">
         <path>C:\ti\ccsv7\tools\compiler\c5500_4.4.1\lib\</path>
         <kind>archive</kind>
         <file>rts55x.lib</file>
         <name>fflush.obj</name>
      </input_file>
      <input_file id="fl-3e">
         <path>C:\ti\ccsv7\tools\compiler\c5500_4.4.1\lib\</path>
         <kind>archive</kind>
         <file>rts55x.lib</file>
         <name>fseek.obj</name>
      </input_file>
      <input_file id="fl-3f">
         <path>C:\ti\ccsv7\tools\compiler\c5500_4.4.1\lib\</path>
         <kind>archive</kind>
         <file>rts55x.lib</file>
         <name>setvbuf.obj</name>
      </input_file>
      <input_file id="fl-40">
         <path>C:\ti\ccsv7\tools\compiler\c5500_4.4.1\lib\</path>
         <kind>archive</kind>
         <file>rts55x.lib</file>
         <name>fopen.obj</name>
      </input_file>
      <input_file id="fl-41">
         <path>C:\ti\ccsv7\tools\compiler\c5500_4.4.1\lib\</path>
         <kind>archive</kind>
         <file>rts55x.lib</file>
         <name>memory.obj</name>
      </input_file>
      <input_file id="fl-42">
         <path>C:\ti\ccsv7\tools\compiler\c5500_4.4.1\lib\</path>
         <kind>archive</kind>
         <file>rts55x.lib</file>
         <name>fclose.obj</name>
      </input_file>
      <input_file id="fl-43">
         <path>C:\ti\ccsv7\tools\compiler\c5500_4.4.1\lib\</path>
         <kind>archive</kind>
         <file>rts55x.lib</file>
         <name>remove.obj</name>
      </input_file>
      <input_file id="fl-44">
         <path>C:\Program Files (x86)\Texas Instruments\ccsv4\emulation\boards\ezdsp5502_v1\C55xxCSL\lib\</path>
         <kind>archive</kind>
         <file>csl5502x.lib</file>
         <name>_csl_init.obj</name>
      </input_file>
      <input_file id="fl-45">
         <path>C:\Program Files (x86)\Texas Instruments\ccsv4\emulation\boards\ezdsp5502_v1\C55xxCSL\lib\</path>
         <kind>archive</kind>
         <file>csl5502x.lib</file>
         <name>csl.obj</name>
      </input_file>
      <input_file id="fl-46">
         <path>C:\Program Files (x86)\Texas Instruments\ccsv4\emulation\boards\ezdsp5502_v1\C55xxCSL\lib\</path>
         <kind>archive</kind>
         <file>csl5502x.lib</file>
         <name>csl_csldat.obj</name>
      </input_file>
      <input_file id="fl-47">
         <path>C:\Program Files (x86)\Texas Instruments\ccsv4\emulation\boards\ezdsp5502_v1\C55xxCSL\lib\</path>
         <kind>archive</kind>
         <file>csl5502x.lib</file>
         <name>i2c_cfg.obj</name>
      </input_file>
      <input_file id="fl-48">
         <path>C:\Program Files (x86)\Texas Instruments\ccsv4\emulation\boards\ezdsp5502_v1\C55xxCSL\lib\</path>
         <kind>archive</kind>
         <file>csl5502x.lib</file>
         <name>i2c_read.obj</name>
      </input_file>
      <input_file id="fl-49">
         <path>C:\Program Files (x86)\Texas Instruments\ccsv4\emulation\boards\ezdsp5502_v1\C55xxCSL\lib\</path>
         <kind>archive</kind>
         <file>csl5502x.lib</file>
         <name>i2c_write.obj</name>
      </input_file>
      <input_file id="fl-4a">
         <path>C:\Program Files (x86)\Texas Instruments\ccsv4\emulation\boards\ezdsp5502_v1\C55xxCSL\lib\</path>
         <kind>archive</kind>
         <file>csl5502x.lib</file>
         <name>irq_gdisab.obj</name>
      </input_file>
      <input_file id="fl-4b">
         <path>C:\Program Files (x86)\Texas Instruments\ccsv4\emulation\boards\ezdsp5502_v1\C55xxCSL\lib\</path>
         <kind>archive</kind>
         <file>csl5502x.lib</file>
         <name>irq_grest.obj</name>
      </input_file>
   </input_file_list>
   <object_component_list>
      <object_component id="oc-91">
         <name>.text</name>
         <load_address>0x300</load_address>
         <run_address>0x300</run_address>
         <size>0x15a4</size>
         <input_file_ref idref="fl-20"/>
      </object_component>
      <object_component id="oc-1e">
         <name>.text</name>
         <load_address>0x18a4</load_address>
         <run_address>0x18a4</run_address>
         <size>0xa21</size>
         <input_file_ref idref="fl-3"/>
      </object_component>
      <object_component id="oc-18">
         <name>.text</name>
         <load_address>0x22c5</load_address>
         <run_address>0x22c5</run_address>
         <size>0x55f</size>
         <input_file_ref idref="fl-2"/>
      </object_component>
      <object_component id="oc-ce">
         <name>.text</name>
         <load_address>0x2824</load_address>
         <run_address>0x2824</run_address>
         <size>0x543</size>
         <input_file_ref idref="fl-2f"/>
      </object_component>
      <object_component id="oc-f6">
         <name>.text</name>
         <load_address>0x2d67</load_address>
         <run_address>0x2d67</run_address>
         <size>0x528</size>
         <input_file_ref idref="fl-38"/>
      </object_component>
      <object_component id="oc-11f">
         <name>.text</name>
         <load_address>0x328f</load_address>
         <run_address>0x328f</run_address>
         <size>0x4b5</size>
         <input_file_ref idref="fl-41"/>
      </object_component>
      <object_component id="oc-42">
         <name>.text</name>
         <load_address>0x3744</load_address>
         <run_address>0x3744</run_address>
         <size>0x3cc</size>
         <input_file_ref idref="fl-f"/>
      </object_component>
      <object_component id="oc-119">
         <name>.text</name>
         <load_address>0x3b10</load_address>
         <run_address>0x3b10</run_address>
         <size>0x27f</size>
         <input_file_ref idref="fl-40"/>
      </object_component>
      <object_component id="oc-ca">
         <name>.text</name>
         <load_address>0x3d8f</load_address>
         <run_address>0x3d8f</run_address>
         <size>0x25e</size>
         <input_file_ref idref="fl-2e"/>
      </object_component>
      <object_component id="oc-3a">
         <name>.text</name>
         <load_address>0x3fed</load_address>
         <run_address>0x3fed</run_address>
         <size>0x25a</size>
         <input_file_ref idref="fl-d"/>
      </object_component>
      <object_component id="oc-77">
         <name>.text</name>
         <load_address>0x4247</load_address>
         <run_address>0x4247</run_address>
         <size>0x1f2</size>
         <input_file_ref idref="fl-1b"/>
      </object_component>
      <object_component id="oc-a3">
         <name>.text</name>
         <load_address>0x4439</load_address>
         <run_address>0x4439</run_address>
         <size>0x1ea</size>
         <input_file_ref idref="fl-24"/>
      </object_component>
      <object_component id="oc-135">
         <name>.text:I2C_write</name>
         <load_address>0x4624</load_address>
         <run_address>0x4624</run_address>
         <size>0x18e</size>
         <input_file_ref idref="fl-49"/>
      </object_component>
      <object_component id="oc-bd">
         <name>.text</name>
         <load_address>0x47b2</load_address>
         <run_address>0x47b2</run_address>
         <size>0x163</size>
         <input_file_ref idref="fl-2b"/>
      </object_component>
      <object_component id="oc-87">
         <name>.text</name>
         <load_address>0x4915</load_address>
         <run_address>0x4915</run_address>
         <size>0x2</size>
         <input_file_ref idref="fl-1e"/>
      </object_component>
      <object_component id="oc-134">
         <name>.text:I2C_read</name>
         <load_address>0x4918</load_address>
         <run_address>0x4918</run_address>
         <size>0x15d</size>
         <input_file_ref idref="fl-48"/>
      </object_component>
      <object_component id="oc-35">
         <name>.text</name>
         <load_address>0x4a75</load_address>
         <run_address>0x4a75</run_address>
         <size>0x14e</size>
         <input_file_ref idref="fl-c"/>
      </object_component>
      <object_component id="oc-6f">
         <name>.text</name>
         <load_address>0x4bc3</load_address>
         <run_address>0x4bc3</run_address>
         <size>0x14c</size>
         <input_file_ref idref="fl-19"/>
      </object_component>
      <object_component id="oc-26">
         <name>.text</name>
         <load_address>0x4d0f</load_address>
         <run_address>0x4d0f</run_address>
         <size>0x13b</size>
         <input_file_ref idref="fl-4"/>
      </object_component>
      <object_component id="oc-115">
         <name>.text</name>
         <load_address>0x4e4a</load_address>
         <run_address>0x4e4a</run_address>
         <size>0xe6</size>
         <input_file_ref idref="fl-3f"/>
      </object_component>
      <object_component id="oc-105">
         <name>.text</name>
         <load_address>0x4f30</load_address>
         <run_address>0x4f30</run_address>
         <size>0xdd</size>
         <input_file_ref idref="fl-3b"/>
      </object_component>
      <object_component id="oc-10d">
         <name>.text</name>
         <load_address>0x500d</load_address>
         <run_address>0x500d</run_address>
         <size>0xc2</size>
         <input_file_ref idref="fl-3d"/>
      </object_component>
      <object_component id="oc-e0">
         <name>.text</name>
         <load_address>0x50cf</load_address>
         <run_address>0x50cf</run_address>
         <size>0xbf</size>
         <input_file_ref idref="fl-33"/>
      </object_component>
      <object_component id="oc-fe">
         <name>.text:CIO_breakpoint</name>
         <load_address>0x518e</load_address>
         <run_address>0x518e</run_address>
         <size>0xba</size>
         <input_file_ref idref="fl-39"/>
      </object_component>
      <object_component id="oc-b9">
         <name>.text</name>
         <load_address>0x5248</load_address>
         <run_address>0x5248</run_address>
         <size>0xa6</size>
         <input_file_ref idref="fl-2a"/>
      </object_component>
      <object_component id="oc-ad">
         <name>.text</name>
         <load_address>0x52ee</load_address>
         <run_address>0x52ee</run_address>
         <size>0xa1</size>
         <input_file_ref idref="fl-27"/>
      </object_component>
      <object_component id="oc-d4">
         <name>.text</name>
         <load_address>0x538f</load_address>
         <run_address>0x538f</run_address>
         <size>0x7d</size>
         <input_file_ref idref="fl-30"/>
      </object_component>
      <object_component id="oc-126">
         <name>.text</name>
         <load_address>0x540c</load_address>
         <run_address>0x540c</run_address>
         <size>0x7b</size>
         <input_file_ref idref="fl-42"/>
      </object_component>
      <object_component id="oc-51">
         <name>.text</name>
         <load_address>0x5487</load_address>
         <run_address>0x5487</run_address>
         <size>0x77</size>
         <input_file_ref idref="fl-12"/>
      </object_component>
      <object_component id="oc-c2">
         <name>.text</name>
         <load_address>0x54fe</load_address>
         <run_address>0x54fe</run_address>
         <size>0x76</size>
         <input_file_ref idref="fl-2c"/>
      </object_component>
      <object_component id="oc-67">
         <name>.text</name>
         <load_address>0x5574</load_address>
         <run_address>0x5574</run_address>
         <size>0x73</size>
         <input_file_ref idref="fl-17"/>
      </object_component>
      <object_component id="oc-133">
         <name>.text:I2C_config</name>
         <load_address>0x55e8</load_address>
         <run_address>0x55e8</run_address>
         <size>0x72</size>
         <input_file_ref idref="fl-47"/>
      </object_component>
      <object_component id="oc-ed">
         <name>.text</name>
         <load_address>0x565a</load_address>
         <run_address>0x565a</run_address>
         <size>0x72</size>
         <input_file_ref idref="fl-36"/>
      </object_component>
      <object_component id="oc-2b">
         <name>.text</name>
         <load_address>0x56cc</load_address>
         <run_address>0x56cc</run_address>
         <size>0x6f</size>
         <input_file_ref idref="fl-a"/>
      </object_component>
      <object_component id="oc-b5">
         <name>.text</name>
         <load_address>0x573b</load_address>
         <run_address>0x573b</run_address>
         <size>0x6f</size>
         <input_file_ref idref="fl-29"/>
      </object_component>
      <object_component id="oc-30">
         <name>.text</name>
         <load_address>0x57aa</load_address>
         <run_address>0x57aa</run_address>
         <size>0x6d</size>
         <input_file_ref idref="fl-b"/>
      </object_component>
      <object_component id="oc-fb">
         <name>.text</name>
         <load_address>0x5817</load_address>
         <run_address>0x5817</run_address>
         <size>0x6d</size>
         <input_file_ref idref="fl-39"/>
      </object_component>
      <object_component id="oc-111">
         <name>.text</name>
         <load_address>0x5884</load_address>
         <run_address>0x5884</run_address>
         <size>0x6b</size>
         <input_file_ref idref="fl-3e"/>
      </object_component>
      <object_component id="oc-59">
         <name>.text</name>
         <load_address>0x58ef</load_address>
         <run_address>0x58ef</run_address>
         <size>0x67</size>
         <input_file_ref idref="fl-14"/>
      </object_component>
      <object_component id="oc-f1">
         <name>.text</name>
         <load_address>0x5956</load_address>
         <run_address>0x5956</run_address>
         <size>0x5f</size>
         <input_file_ref idref="fl-37"/>
      </object_component>
      <object_component id="oc-9b">
         <name>.text</name>
         <load_address>0x59b5</load_address>
         <run_address>0x59b5</run_address>
         <size>0x5c</size>
         <input_file_ref idref="fl-22"/>
      </object_component>
      <object_component id="oc-62">
         <name>.text</name>
         <load_address>0x5a11</load_address>
         <run_address>0x5a11</run_address>
         <size>0x5b</size>
         <input_file_ref idref="fl-16"/>
      </object_component>
      <object_component id="oc-73">
         <name>.text</name>
         <load_address>0x5a6c</load_address>
         <run_address>0x5a6c</run_address>
         <size>0x50</size>
         <input_file_ref idref="fl-1a"/>
      </object_component>
      <object_component id="oc-9f">
         <name>.text</name>
         <load_address>0x5abc</load_address>
         <run_address>0x5abc</run_address>
         <size>0x4d</size>
         <input_file_ref idref="fl-23"/>
      </object_component>
      <object_component id="oc-97">
         <name>.text</name>
         <load_address>0x5b09</load_address>
         <run_address>0x5b09</run_address>
         <size>0x4b</size>
         <input_file_ref idref="fl-21"/>
      </object_component>
      <object_component id="oc-e9">
         <name>.text</name>
         <load_address>0x5b54</load_address>
         <run_address>0x5b54</run_address>
         <size>0x4b</size>
         <input_file_ref idref="fl-35"/>
      </object_component>
      <object_component id="oc-109">
         <name>.text</name>
         <load_address>0x5b9f</load_address>
         <run_address>0x5b9f</run_address>
         <size>0x48</size>
         <input_file_ref idref="fl-3c"/>
      </object_component>
      <object_component id="oc-82">
         <name>.text</name>
         <load_address>0x5be7</load_address>
         <run_address>0x5be7</run_address>
         <size>0x41</size>
         <input_file_ref idref="fl-1d"/>
      </object_component>
      <object_component id="oc-dc">
         <name>.text</name>
         <load_address>0x5c28</load_address>
         <run_address>0x5c28</run_address>
         <size>0x3f</size>
         <input_file_ref idref="fl-32"/>
      </object_component>
      <object_component id="oc-46">
         <name>.text</name>
         <load_address>0x5c67</load_address>
         <run_address>0x5c67</run_address>
         <size>0x3e</size>
         <input_file_ref idref="fl-10"/>
      </object_component>
      <object_component id="oc-16">
         <name>.text</name>
         <load_address>0x5ca5</load_address>
         <run_address>0x5ca5</run_address>
         <size>0x34</size>
         <input_file_ref idref="fl-e"/>
      </object_component>
      <object_component id="oc-b1">
         <name>.text</name>
         <load_address>0x5cd9</load_address>
         <run_address>0x5cd9</run_address>
         <size>0x2a</size>
         <input_file_ref idref="fl-28"/>
      </object_component>
      <object_component id="oc-101">
         <name>.text</name>
         <load_address>0x5d03</load_address>
         <run_address>0x5d03</run_address>
         <size>0x2a</size>
         <input_file_ref idref="fl-3a"/>
      </object_component>
      <object_component id="oc-d8">
         <name>.text</name>
         <load_address>0x5d2d</load_address>
         <run_address>0x5d2d</run_address>
         <size>0x23</size>
         <input_file_ref idref="fl-31"/>
      </object_component>
      <object_component id="oc-4d">
         <name>.text</name>
         <load_address>0x5d50</load_address>
         <run_address>0x5d50</run_address>
         <size>0x1b</size>
         <input_file_ref idref="fl-11"/>
      </object_component>
      <object_component id="oc-c6">
         <name>.text</name>
         <load_address>0x5d6b</load_address>
         <run_address>0x5d6b</run_address>
         <size>0x1a</size>
         <input_file_ref idref="fl-2d"/>
      </object_component>
      <object_component id="oc-7e">
         <name>.text</name>
         <load_address>0x5d85</load_address>
         <run_address>0x5d85</run_address>
         <size>0x14</size>
         <input_file_ref idref="fl-1c"/>
      </object_component>
      <object_component id="oc-6b">
         <name>.text</name>
         <load_address>0x5d99</load_address>
         <run_address>0x5d99</run_address>
         <size>0x13</size>
         <input_file_ref idref="fl-18"/>
      </object_component>
      <object_component id="oc-8b">
         <name>.text</name>
         <load_address>0x5dac</load_address>
         <run_address>0x5dac</run_address>
         <size>0x12</size>
         <input_file_ref idref="fl-1f"/>
      </object_component>
      <object_component id="oc-e5">
         <name>.text</name>
         <load_address>0x5dbe</load_address>
         <run_address>0x5dbe</run_address>
         <size>0x10</size>
         <input_file_ref idref="fl-34"/>
      </object_component>
      <object_component id="oc-136">
         <name>.text:IRQ_globalDisable</name>
         <load_address>0x5dd0</load_address>
         <run_address>0x5dd0</run_address>
         <size>0xf</size>
         <input_file_ref idref="fl-4a"/>
      </object_component>
      <object_component id="oc-5e">
         <name>.text</name>
         <load_address>0x5ddf</load_address>
         <run_address>0x5ddf</run_address>
         <size>0xe</size>
         <input_file_ref idref="fl-15"/>
      </object_component>
      <object_component id="oc-12e">
         <name>.text:_CSL_init</name>
         <load_address>0x5df0</load_address>
         <run_address>0x5df0</run_address>
         <size>0xd</size>
         <input_file_ref idref="fl-44"/>
      </object_component>
      <object_component id="oc-130">
         <name>.text:CSL_init</name>
         <load_address>0x5e00</load_address>
         <run_address>0x5e00</run_address>
         <size>0xc</size>
         <input_file_ref idref="fl-45"/>
      </object_component>
      <object_component id="oc-137">
         <name>.text:IRQ_globalRestore</name>
         <load_address>0x5e0c</load_address>
         <run_address>0x5e0c</run_address>
         <size>0xc</size>
         <input_file_ref idref="fl-4b"/>
      </object_component>
      <object_component id="oc-55">
         <name>.text</name>
         <load_address>0x5e18</load_address>
         <run_address>0x5e18</run_address>
         <size>0xc</size>
         <input_file_ref idref="fl-13"/>
      </object_component>
      <object_component id="oc-12a">
         <name>.text</name>
         <load_address>0x5e24</load_address>
         <run_address>0x5e24</run_address>
         <size>0xa</size>
         <input_file_ref idref="fl-43"/>
      </object_component>
      <object_component id="oc-4a">
         <name>.text:CIO_breakpoint</name>
         <load_address>0x5e2e</load_address>
         <run_address>0x5e2e</run_address>
         <size>0x7</size>
         <input_file_ref idref="fl-10"/>
      </object_component>
      <object_component id="oc-12f">
         <name>.text</name>
         <load_address>0x5e38</load_address>
         <run_address>0x5e38</run_address>
         <size>0x2</size>
         <input_file_ref idref="fl-45"/>
      </object_component>
      <object_component id="oc-3e">
         <name>.stack</name>
         <load_address>0x5e40</load_address>
         <run_address>0x5e40</run_address>
         <size>0x0</size>
         <input_file_ref idref="fl-e"/>
      </object_component>
      <object_component id="oc-15a">
         <name>.stack</name>
         <load_address>0x5e40</load_address>
         <run_address>0x5e40</run_address>
         <size>0x0</size>
      </object_component>
      <object_component id="oc-138">
         <name>.sysstack</name>
         <load_address>0x9e40</load_address>
         <run_address>0x9e40</run_address>
         <size>0x0</size>
         <input_file_ref idref="fl-e"/>
      </object_component>
      <object_component id="oc-15c">
         <name>.sysstack</name>
         <load_address>0x9e40</load_address>
         <run_address>0x9e40</run_address>
         <size>0x0</size>
      </object_component>
      <object_component id="oc-132">
         <name>.csldata:SYS_data</name>
         <load_address>0xbb00</load_address>
         <run_address>0xbb00</run_address>
         <size>0x44</size>
         <input_file_ref idref="fl-46"/>
      </object_component>
      <object_component id="oc-a9">
         <name>.bss</name>
         <load_address>0xae40</load_address>
         <run_address>0xae40</run_address>
         <size>0x232</size>
         <input_file_ref idref="fl-26"/>
      </object_component>
      <object_component id="oc-f7">
         <name>.bss</name>
         <load_address>0xb072</load_address>
         <run_address>0xb072</run_address>
         <size>0x1a0</size>
         <input_file_ref idref="fl-38"/>
      </object_component>
      <object_component id="oc-11a">
         <name>.bss</name>
         <load_address>0xb212</load_address>
         <run_address>0xb212</run_address>
         <size>0x2</size>
         <input_file_ref idref="fl-40"/>
      </object_component>
      <object_component id="oc-cf">
         <name>.bss</name>
         <load_address>0xb214</load_address>
         <run_address>0xb214</run_address>
         <size>0xe2</size>
         <input_file_ref idref="fl-2f"/>
      </object_component>
      <object_component id="oc-78">
         <name>.bss</name>
         <load_address>0xb2f8</load_address>
         <run_address>0xb2f8</run_address>
         <size>0x10</size>
         <input_file_ref idref="fl-1b"/>
      </object_component>
      <object_component id="oc-120">
         <name>.bss</name>
         <load_address>0xb308</load_address>
         <run_address>0xb308</run_address>
         <size>0xc</size>
         <input_file_ref idref="fl-41"/>
      </object_component>
      <object_component id="oc-8c">
         <name>.bss</name>
         <load_address>0xb314</load_address>
         <run_address>0xb314</run_address>
         <size>0x8</size>
         <input_file_ref idref="fl-1f"/>
      </object_component>
      <object_component id="oc-47">
         <name>.bss</name>
         <load_address>0xb31c</load_address>
         <run_address>0xb31c</run_address>
         <size>0x8</size>
         <input_file_ref idref="fl-10"/>
      </object_component>
      <object_component id="oc-13b">
         <name>.const:__ctypes_</name>
         <load_address>0xb340</load_address>
         <run_address>0xb340</run_address>
         <size>0x202</size>
         <input_file_ref idref="fl-25"/>
      </object_component>
      <object_component id="oc-22">
         <name>.const:.string</name>
         <load_address>0xb544</load_address>
         <run_address>0xb544</run_address>
         <size>0x102</size>
         <input_file_ref idref="fl-3"/>
      </object_component>
      <object_component id="oc-94">
         <name>.const:.string</name>
         <load_address>0xb648</load_address>
         <run_address>0xb648</run_address>
         <size>0x48</size>
         <input_file_ref idref="fl-20"/>
      </object_component>
      <object_component id="oc-7b">
         <name>.const</name>
         <load_address>0xb690</load_address>
         <run_address>0xb690</run_address>
         <size>0x28</size>
         <input_file_ref idref="fl-1b"/>
      </object_component>
      <object_component id="oc-93">
         <name>.const</name>
         <load_address>0xb6b8</load_address>
         <run_address>0xb6b8</run_address>
         <size>0x18</size>
         <input_file_ref idref="fl-20"/>
      </object_component>
      <object_component id="oc-139">
         <name>.const:_$P$T0$1</name>
         <load_address>0xb6d0</load_address>
         <run_address>0xb6d0</run_address>
         <size>0x14</size>
         <input_file_ref idref="fl-b"/>
      </object_component>
      <object_component id="oc-1a">
         <name>.const</name>
         <load_address>0xb6e4</load_address>
         <run_address>0xb6e4</run_address>
         <size>0x14</size>
         <input_file_ref idref="fl-2"/>
      </object_component>
      <object_component id="oc-21">
         <name>.const</name>
         <load_address>0xb6f8</load_address>
         <run_address>0xb6f8</run_address>
         <size>0x14</size>
         <input_file_ref idref="fl-3"/>
      </object_component>
      <object_component id="oc-13a">
         <name>.const:_initial_approx$1</name>
         <load_address>0xb70c</load_address>
         <run_address>0xb70c</run_address>
         <size>0x10</size>
         <input_file_ref idref="fl-f"/>
      </object_component>
      <object_component id="oc-f3">
         <name>.const</name>
         <load_address>0xb71c</load_address>
         <run_address>0xb71c</run_address>
         <size>0x10</size>
         <input_file_ref idref="fl-37"/>
      </object_component>
      <object_component id="oc-e2">
         <name>.const</name>
         <load_address>0xb72c</load_address>
         <run_address>0xb72c</run_address>
         <size>0xc</size>
         <input_file_ref idref="fl-33"/>
      </object_component>
      <object_component id="oc-84">
         <name>.const</name>
         <load_address>0xb738</load_address>
         <run_address>0xb738</run_address>
         <size>0x8</size>
         <input_file_ref idref="fl-1d"/>
      </object_component>
      <object_component id="oc-bf">
         <name>.const:.string</name>
         <load_address>0xb740</load_address>
         <run_address>0xb740</run_address>
         <size>0x4</size>
         <input_file_ref idref="fl-2b"/>
      </object_component>
      <object_component id="oc-5b">
         <name>.const</name>
         <load_address>0xb744</load_address>
         <run_address>0xb744</run_address>
         <size>0x4</size>
         <input_file_ref idref="fl-14"/>
      </object_component>
      <object_component id="oc-64">
         <name>.const</name>
         <load_address>0xb748</load_address>
         <run_address>0xb748</run_address>
         <size>0x4</size>
         <input_file_ref idref="fl-16"/>
      </object_component>
      <object_component id="oc-123">
         <name>.sysmem</name>
         <uninitialized>true</uninitialized>
         <run_address>0x7e40</run_address>
         <size>0x0</size>
         <input_file_ref idref="fl-41"/>
      </object_component>
      <object_component id="oc-15b">
         <name>.sysmem</name>
         <uninitialized>true</uninitialized>
         <run_address>0x7e40</run_address>
         <size>0x0</size>
      </object_component>
      <object_component id="oc-d1">
         <name>.cinit</name>
         <load_address>0xb9a0</load_address>
         <run_address>0xb9a0</run_address>
         <size>0x5a</size>
         <input_file_ref idref="fl-2f"/>
      </object_component>
      <object_component id="oc-ab">
         <name>.cinit</name>
         <load_address>0xb9fa</load_address>
         <run_address>0xb9fa</run_address>
         <size>0x54</size>
         <input_file_ref idref="fl-26"/>
      </object_component>
      <object_component id="oc-131">
         <name>.cinit</name>
         <load_address>0xba4e</load_address>
         <run_address>0xba4e</run_address>
         <size>0x4a</size>
         <input_file_ref idref="fl-46"/>
      </object_component>
      <object_component id="oc-7a">
         <name>.cinit</name>
         <load_address>0xba98</load_address>
         <run_address>0xba98</run_address>
         <size>0x16</size>
         <input_file_ref idref="fl-1b"/>
      </object_component>
      <object_component id="oc-8e">
         <name>.cinit</name>
         <load_address>0xbaae</load_address>
         <run_address>0xbaae</run_address>
         <size>0x14</size>
         <input_file_ref idref="fl-1f"/>
      </object_component>
      <object_component id="oc-49">
         <name>.cinit</name>
         <load_address>0xbac2</load_address>
         <run_address>0xbac2</run_address>
         <size>0x14</size>
         <input_file_ref idref="fl-10"/>
      </object_component>
      <object_component id="oc-11c">
         <name>.cinit</name>
         <load_address>0xbad6</load_address>
         <run_address>0xbad6</run_address>
         <size>0x8</size>
         <input_file_ref idref="fl-40"/>
      </object_component>
      <object_component id="oc-122">
         <name>.cinit</name>
         <load_address>0xbade</load_address>
         <run_address>0xbade</run_address>
         <size>0x8</size>
         <input_file_ref idref="fl-41"/>
      </object_component>
      <object_component id="oc-fd">
         <name>.cio</name>
         <load_address>0xb760</load_address>
         <run_address>0xb760</run_address>
         <size>0x240</size>
         <input_file_ref idref="fl-39"/>
      </object_component>
      <object_component id="oc-17">
         <name>vectors</name>
         <load_address>0xfe00</load_address>
         <run_address>0xfe00</run_address>
         <size>0x100</size>
         <input_file_ref idref="fl-1e"/>
      </object_component>
      <object_component id="oc-19">
         <name>.debug_info</name>
         <load_address>0x0</load_address>
         <run_address>0x0</run_address>
         <size>0xe2a</size>
         <input_file_ref idref="fl-2"/>
      </object_component>
      <object_component id="oc-1f">
         <name>.debug_info</name>
         <load_address>0xe2a</load_address>
         <run_address>0xe2a</run_address>
         <size>0xf46</size>
         <input_file_ref idref="fl-3"/>
      </object_component>
      <object_component id="oc-27">
         <name>.debug_info</name>
         <load_address>0x1d70</load_address>
         <run_address>0x1d70</run_address>
         <size>0x873</size>
         <input_file_ref idref="fl-4"/>
      </object_component>
      <object_component id="oc-2c">
         <name>.debug_info</name>
         <load_address>0x25e3</load_address>
         <run_address>0x25e3</run_address>
         <size>0x8df</size>
         <input_file_ref idref="fl-a"/>
      </object_component>
      <object_component id="oc-31">
         <name>.debug_info</name>
         <load_address>0x2ec2</load_address>
         <run_address>0x2ec2</run_address>
         <size>0xa40</size>
         <input_file_ref idref="fl-b"/>
      </object_component>
      <object_component id="oc-36">
         <name>.debug_info</name>
         <load_address>0x3902</load_address>
         <run_address>0x3902</run_address>
         <size>0xbb2</size>
         <input_file_ref idref="fl-c"/>
      </object_component>
      <object_component id="oc-3b">
         <name>.debug_info</name>
         <load_address>0x44b4</load_address>
         <run_address>0x44b4</run_address>
         <size>0x5ab</size>
         <input_file_ref idref="fl-d"/>
      </object_component>
      <object_component id="oc-3f">
         <name>.debug_info</name>
         <load_address>0x4a5f</load_address>
         <run_address>0x4a5f</run_address>
         <size>0xe8</size>
         <input_file_ref idref="fl-e"/>
      </object_component>
      <object_component id="oc-43">
         <name>.debug_info</name>
         <load_address>0x4b47</load_address>
         <run_address>0x4b47</run_address>
         <size>0x7e8</size>
         <input_file_ref idref="fl-f"/>
      </object_component>
      <object_component id="oc-48">
         <name>.debug_info</name>
         <load_address>0x532f</load_address>
         <run_address>0x532f</run_address>
         <size>0x5fb</size>
         <input_file_ref idref="fl-10"/>
      </object_component>
      <object_component id="oc-4e">
         <name>.debug_info</name>
         <load_address>0x592a</load_address>
         <run_address>0x592a</run_address>
         <size>0x4cf</size>
         <input_file_ref idref="fl-11"/>
      </object_component>
      <object_component id="oc-52">
         <name>.debug_info</name>
         <load_address>0x5df9</load_address>
         <run_address>0x5df9</run_address>
         <size>0x534</size>
         <input_file_ref idref="fl-12"/>
      </object_component>
      <object_component id="oc-56">
         <name>.debug_info</name>
         <load_address>0x632d</load_address>
         <run_address>0x632d</run_address>
         <size>0x4cf</size>
         <input_file_ref idref="fl-13"/>
      </object_component>
      <object_component id="oc-5a">
         <name>.debug_info</name>
         <load_address>0x67fc</load_address>
         <run_address>0x67fc</run_address>
         <size>0x549</size>
         <input_file_ref idref="fl-14"/>
      </object_component>
      <object_component id="oc-5f">
         <name>.debug_info</name>
         <load_address>0x6d45</load_address>
         <run_address>0x6d45</run_address>
         <size>0x4cf</size>
         <input_file_ref idref="fl-15"/>
      </object_component>
      <object_component id="oc-63">
         <name>.debug_info</name>
         <load_address>0x7214</load_address>
         <run_address>0x7214</run_address>
         <size>0x549</size>
         <input_file_ref idref="fl-16"/>
      </object_component>
      <object_component id="oc-68">
         <name>.debug_info</name>
         <load_address>0x775d</load_address>
         <run_address>0x775d</run_address>
         <size>0x53e</size>
         <input_file_ref idref="fl-17"/>
      </object_component>
      <object_component id="oc-6c">
         <name>.debug_info</name>
         <load_address>0x7c9b</load_address>
         <run_address>0x7c9b</run_address>
         <size>0xbd</size>
         <input_file_ref idref="fl-18"/>
      </object_component>
      <object_component id="oc-70">
         <name>.debug_info</name>
         <load_address>0x7d58</load_address>
         <run_address>0x7d58</run_address>
         <size>0x55b</size>
         <input_file_ref idref="fl-19"/>
      </object_component>
      <object_component id="oc-74">
         <name>.debug_info</name>
         <load_address>0x82b3</load_address>
         <run_address>0x82b3</run_address>
         <size>0x76c</size>
         <input_file_ref idref="fl-1a"/>
      </object_component>
      <object_component id="oc-79">
         <name>.debug_info</name>
         <load_address>0x8a1f</load_address>
         <run_address>0x8a1f</run_address>
         <size>0x6ef</size>
         <input_file_ref idref="fl-1b"/>
      </object_component>
      <object_component id="oc-7f">
         <name>.debug_info</name>
         <load_address>0x910e</load_address>
         <run_address>0x910e</run_address>
         <size>0x4de</size>
         <input_file_ref idref="fl-1c"/>
      </object_component>
      <object_component id="oc-83">
         <name>.debug_info</name>
         <load_address>0x95ec</load_address>
         <run_address>0x95ec</run_address>
         <size>0x521</size>
         <input_file_ref idref="fl-1d"/>
      </object_component>
      <object_component id="oc-88">
         <name>.debug_info</name>
         <load_address>0x9b0d</load_address>
         <run_address>0x9b0d</run_address>
         <size>0xbc</size>
         <input_file_ref idref="fl-1e"/>
      </object_component>
      <object_component id="oc-8d">
         <name>.debug_info</name>
         <load_address>0x9bc9</load_address>
         <run_address>0x9bc9</run_address>
         <size>0x5bc</size>
         <input_file_ref idref="fl-1f"/>
      </object_component>
      <object_component id="oc-92">
         <name>.debug_info</name>
         <load_address>0xa185</load_address>
         <run_address>0xa185</run_address>
         <size>0x27bd</size>
         <input_file_ref idref="fl-20"/>
      </object_component>
      <object_component id="oc-98">
         <name>.debug_info</name>
         <load_address>0xc942</load_address>
         <run_address>0xc942</run_address>
         <size>0x586</size>
         <input_file_ref idref="fl-21"/>
      </object_component>
      <object_component id="oc-9c">
         <name>.debug_info</name>
         <load_address>0xcec8</load_address>
         <run_address>0xcec8</run_address>
         <size>0x5a4</size>
         <input_file_ref idref="fl-22"/>
      </object_component>
      <object_component id="oc-a0">
         <name>.debug_info</name>
         <load_address>0xd46c</load_address>
         <run_address>0xd46c</run_address>
         <size>0xcd</size>
         <input_file_ref idref="fl-23"/>
      </object_component>
      <object_component id="oc-a4">
         <name>.debug_info</name>
         <load_address>0xd539</load_address>
         <run_address>0xd539</run_address>
         <size>0x81f</size>
         <input_file_ref idref="fl-24"/>
      </object_component>
      <object_component id="oc-a7">
         <name>.debug_info</name>
         <load_address>0xdd58</load_address>
         <run_address>0xdd58</run_address>
         <size>0x498</size>
         <input_file_ref idref="fl-25"/>
      </object_component>
      <object_component id="oc-aa">
         <name>.debug_info</name>
         <load_address>0xe1f0</load_address>
         <run_address>0xe1f0</run_address>
         <size>0x57e</size>
         <input_file_ref idref="fl-26"/>
      </object_component>
      <object_component id="oc-ae">
         <name>.debug_info</name>
         <load_address>0xe76e</load_address>
         <run_address>0xe76e</run_address>
         <size>0x534</size>
         <input_file_ref idref="fl-27"/>
      </object_component>
      <object_component id="oc-b2">
         <name>.debug_info</name>
         <load_address>0xeca2</load_address>
         <run_address>0xeca2</run_address>
         <size>0x4cf</size>
         <input_file_ref idref="fl-28"/>
      </object_component>
      <object_component id="oc-b6">
         <name>.debug_info</name>
         <load_address>0xf171</load_address>
         <run_address>0xf171</run_address>
         <size>0x534</size>
         <input_file_ref idref="fl-29"/>
      </object_component>
      <object_component id="oc-ba">
         <name>.debug_info</name>
         <load_address>0xf6a5</load_address>
         <run_address>0xf6a5</run_address>
         <size>0x6aa</size>
         <input_file_ref idref="fl-2a"/>
      </object_component>
      <object_component id="oc-be">
         <name>.debug_info</name>
         <load_address>0xfd4f</load_address>
         <run_address>0xfd4f</run_address>
         <size>0x942</size>
         <input_file_ref idref="fl-2b"/>
      </object_component>
      <object_component id="oc-c3">
         <name>.debug_info</name>
         <load_address>0x10691</load_address>
         <run_address>0x10691</run_address>
         <size>0x4d2</size>
         <input_file_ref idref="fl-2c"/>
      </object_component>
      <object_component id="oc-c7">
         <name>.debug_info</name>
         <load_address>0x10b63</load_address>
         <run_address>0x10b63</run_address>
         <size>0x680</size>
         <input_file_ref idref="fl-2d"/>
      </object_component>
      <object_component id="oc-cb">
         <name>.debug_info</name>
         <load_address>0x111e3</load_address>
         <run_address>0x111e3</run_address>
         <size>0x7d4</size>
         <input_file_ref idref="fl-2e"/>
      </object_component>
      <object_component id="oc-d0">
         <name>.debug_info</name>
         <load_address>0x119b7</load_address>
         <run_address>0x119b7</run_address>
         <size>0x144b</size>
         <input_file_ref idref="fl-2f"/>
      </object_component>
      <object_component id="oc-d5">
         <name>.debug_info</name>
         <load_address>0x12e02</load_address>
         <run_address>0x12e02</run_address>
         <size>0x5ad</size>
         <input_file_ref idref="fl-30"/>
      </object_component>
      <object_component id="oc-d9">
         <name>.debug_info</name>
         <load_address>0x133af</load_address>
         <run_address>0x133af</run_address>
         <size>0x574</size>
         <input_file_ref idref="fl-31"/>
      </object_component>
      <object_component id="oc-dd">
         <name>.debug_info</name>
         <load_address>0x13923</load_address>
         <run_address>0x13923</run_address>
         <size>0xd1</size>
         <input_file_ref idref="fl-32"/>
      </object_component>
      <object_component id="oc-e1">
         <name>.debug_info</name>
         <load_address>0x139f4</load_address>
         <run_address>0x139f4</run_address>
         <size>0x50c</size>
         <input_file_ref idref="fl-33"/>
      </object_component>
      <object_component id="oc-e6">
         <name>.debug_info</name>
         <load_address>0x13f00</load_address>
         <run_address>0x13f00</run_address>
         <size>0x4b7</size>
         <input_file_ref idref="fl-34"/>
      </object_component>
      <object_component id="oc-ea">
         <name>.debug_info</name>
         <load_address>0x143b7</load_address>
         <run_address>0x143b7</run_address>
         <size>0x4f2</size>
         <input_file_ref idref="fl-35"/>
      </object_component>
      <object_component id="oc-ee">
         <name>.debug_info</name>
         <load_address>0x148a9</load_address>
         <run_address>0x148a9</run_address>
         <size>0x534</size>
         <input_file_ref idref="fl-36"/>
      </object_component>
      <object_component id="oc-f2">
         <name>.debug_info</name>
         <load_address>0x14ddd</load_address>
         <run_address>0x14ddd</run_address>
         <size>0x52e</size>
         <input_file_ref idref="fl-37"/>
      </object_component>
      <object_component id="oc-f8">
         <name>.debug_info</name>
         <load_address>0x1530b</load_address>
         <run_address>0x1530b</run_address>
         <size>0xed4</size>
         <input_file_ref idref="fl-38"/>
      </object_component>
      <object_component id="oc-fc">
         <name>.debug_info</name>
         <load_address>0x161df</load_address>
         <run_address>0x161df</run_address>
         <size>0x744</size>
         <input_file_ref idref="fl-39"/>
      </object_component>
      <object_component id="oc-102">
         <name>.debug_info</name>
         <load_address>0x16923</load_address>
         <run_address>0x16923</run_address>
         <size>0xef</size>
         <input_file_ref idref="fl-3a"/>
      </object_component>
      <object_component id="oc-106">
         <name>.debug_info</name>
         <load_address>0x16a12</load_address>
         <run_address>0x16a12</run_address>
         <size>0x662</size>
         <input_file_ref idref="fl-3b"/>
      </object_component>
      <object_component id="oc-10a">
         <name>.debug_info</name>
         <load_address>0x17074</load_address>
         <run_address>0x17074</run_address>
         <size>0x4f2</size>
         <input_file_ref idref="fl-3c"/>
      </object_component>
      <object_component id="oc-10e">
         <name>.debug_info</name>
         <load_address>0x17566</load_address>
         <run_address>0x17566</run_address>
         <size>0x706</size>
         <input_file_ref idref="fl-3d"/>
      </object_component>
      <object_component id="oc-112">
         <name>.debug_info</name>
         <load_address>0x17c6c</load_address>
         <run_address>0x17c6c</run_address>
         <size>0x5f7</size>
         <input_file_ref idref="fl-3e"/>
      </object_component>
      <object_component id="oc-116">
         <name>.debug_info</name>
         <load_address>0x18263</load_address>
         <run_address>0x18263</run_address>
         <size>0x64a</size>
         <input_file_ref idref="fl-3f"/>
      </object_component>
      <object_component id="oc-11b">
         <name>.debug_info</name>
         <load_address>0x188ad</load_address>
         <run_address>0x188ad</run_address>
         <size>0xa1c</size>
         <input_file_ref idref="fl-40"/>
      </object_component>
      <object_component id="oc-121">
         <name>.debug_info</name>
         <load_address>0x192c9</load_address>
         <run_address>0x192c9</run_address>
         <size>0xb97</size>
         <input_file_ref idref="fl-41"/>
      </object_component>
      <object_component id="oc-127">
         <name>.debug_info</name>
         <load_address>0x19e60</load_address>
         <run_address>0x19e60</run_address>
         <size>0x64f</size>
         <input_file_ref idref="fl-42"/>
      </object_component>
      <object_component id="oc-12b">
         <name>.debug_info</name>
         <load_address>0x1a4af</load_address>
         <run_address>0x1a4af</run_address>
         <size>0x510</size>
         <input_file_ref idref="fl-43"/>
      </object_component>
      <object_component id="oc-15e">
         <name>.debug_info</name>
         <load_address>0x1a9bf</load_address>
         <run_address>0x1a9bf</run_address>
         <size>0x6e</size>
      </object_component>
      <object_component id="oc-1b">
         <name>.debug_frame</name>
         <load_address>0x0</load_address>
         <run_address>0x0</run_address>
         <size>0x116</size>
         <input_file_ref idref="fl-2"/>
      </object_component>
      <object_component id="oc-23">
         <name>.debug_frame</name>
         <load_address>0x116</load_address>
         <run_address>0x116</run_address>
         <size>0x177</size>
         <input_file_ref idref="fl-3"/>
      </object_component>
      <object_component id="oc-28">
         <name>.debug_frame</name>
         <load_address>0x28d</load_address>
         <run_address>0x28d</run_address>
         <size>0x11e</size>
         <input_file_ref idref="fl-4"/>
      </object_component>
      <object_component id="oc-2d">
         <name>.debug_frame</name>
         <load_address>0x3ab</load_address>
         <run_address>0x3ab</run_address>
         <size>0x138</size>
         <input_file_ref idref="fl-a"/>
      </object_component>
      <object_component id="oc-32">
         <name>.debug_frame</name>
         <load_address>0x4e3</load_address>
         <run_address>0x4e3</run_address>
         <size>0x132</size>
         <input_file_ref idref="fl-b"/>
      </object_component>
      <object_component id="oc-37">
         <name>.debug_frame</name>
         <load_address>0x615</load_address>
         <run_address>0x615</run_address>
         <size>0x157</size>
         <input_file_ref idref="fl-c"/>
      </object_component>
      <object_component id="oc-1c">
         <name>.debug_line</name>
         <load_address>0x0</load_address>
         <run_address>0x0</run_address>
         <size>0x1a7</size>
         <input_file_ref idref="fl-2"/>
      </object_component>
      <object_component id="oc-24">
         <name>.debug_line</name>
         <load_address>0x1a7</load_address>
         <run_address>0x1a7</run_address>
         <size>0x20b</size>
         <input_file_ref idref="fl-3"/>
      </object_component>
      <object_component id="oc-29">
         <name>.debug_line</name>
         <load_address>0x3b2</load_address>
         <run_address>0x3b2</run_address>
         <size>0xcc</size>
         <input_file_ref idref="fl-4"/>
      </object_component>
      <object_component id="oc-2e">
         <name>.debug_line</name>
         <load_address>0x47e</load_address>
         <run_address>0x47e</run_address>
         <size>0x111</size>
         <input_file_ref idref="fl-a"/>
      </object_component>
      <object_component id="oc-33">
         <name>.debug_line</name>
         <load_address>0x58f</load_address>
         <run_address>0x58f</run_address>
         <size>0xa4</size>
         <input_file_ref idref="fl-b"/>
      </object_component>
      <object_component id="oc-38">
         <name>.debug_line</name>
         <load_address>0x633</load_address>
         <run_address>0x633</run_address>
         <size>0xeb</size>
         <input_file_ref idref="fl-c"/>
      </object_component>
      <object_component id="oc-3c">
         <name>.debug_line</name>
         <load_address>0x71e</load_address>
         <run_address>0x71e</run_address>
         <size>0x5c</size>
         <input_file_ref idref="fl-d"/>
      </object_component>
      <object_component id="oc-40">
         <name>.debug_line</name>
         <load_address>0x77a</load_address>
         <run_address>0x77a</run_address>
         <size>0x54</size>
         <input_file_ref idref="fl-e"/>
      </object_component>
      <object_component id="oc-44">
         <name>.debug_line</name>
         <load_address>0x7ce</load_address>
         <run_address>0x7ce</run_address>
         <size>0x5b</size>
         <input_file_ref idref="fl-f"/>
      </object_component>
      <object_component id="oc-4b">
         <name>.debug_line</name>
         <load_address>0x829</load_address>
         <run_address>0x829</run_address>
         <size>0x51</size>
         <input_file_ref idref="fl-10"/>
      </object_component>
      <object_component id="oc-4f">
         <name>.debug_line</name>
         <load_address>0x87a</load_address>
         <run_address>0x87a</run_address>
         <size>0x3d</size>
         <input_file_ref idref="fl-11"/>
      </object_component>
      <object_component id="oc-53">
         <name>.debug_line</name>
         <load_address>0x8b7</load_address>
         <run_address>0x8b7</run_address>
         <size>0x3d</size>
         <input_file_ref idref="fl-12"/>
      </object_component>
      <object_component id="oc-57">
         <name>.debug_line</name>
         <load_address>0x8f4</load_address>
         <run_address>0x8f4</run_address>
         <size>0x3d</size>
         <input_file_ref idref="fl-13"/>
      </object_component>
      <object_component id="oc-5c">
         <name>.debug_line</name>
         <load_address>0x931</load_address>
         <run_address>0x931</run_address>
         <size>0x44</size>
         <input_file_ref idref="fl-14"/>
      </object_component>
      <object_component id="oc-60">
         <name>.debug_line</name>
         <load_address>0x975</load_address>
         <run_address>0x975</run_address>
         <size>0x3d</size>
         <input_file_ref idref="fl-15"/>
      </object_component>
      <object_component id="oc-65">
         <name>.debug_line</name>
         <load_address>0x9b2</load_address>
         <run_address>0x9b2</run_address>
         <size>0x44</size>
         <input_file_ref idref="fl-16"/>
      </object_component>
      <object_component id="oc-69">
         <name>.debug_line</name>
         <load_address>0x9f6</load_address>
         <run_address>0x9f6</run_address>
         <size>0x40</size>
         <input_file_ref idref="fl-17"/>
      </object_component>
      <object_component id="oc-6d">
         <name>.debug_line</name>
         <load_address>0xa36</load_address>
         <run_address>0xa36</run_address>
         <size>0x3c</size>
         <input_file_ref idref="fl-18"/>
      </object_component>
      <object_component id="oc-71">
         <name>.debug_line</name>
         <load_address>0xa72</load_address>
         <run_address>0xa72</run_address>
         <size>0x3c</size>
         <input_file_ref idref="fl-19"/>
      </object_component>
      <object_component id="oc-75">
         <name>.debug_line</name>
         <load_address>0xaae</load_address>
         <run_address>0xaae</run_address>
         <size>0x69</size>
         <input_file_ref idref="fl-1a"/>
      </object_component>
      <object_component id="oc-7c">
         <name>.debug_line</name>
         <load_address>0xb17</load_address>
         <run_address>0xb17</run_address>
         <size>0x54</size>
         <input_file_ref idref="fl-1b"/>
      </object_component>
      <object_component id="oc-80">
         <name>.debug_line</name>
         <load_address>0xb6b</load_address>
         <run_address>0xb6b</run_address>
         <size>0x37</size>
         <input_file_ref idref="fl-1c"/>
      </object_component>
      <object_component id="oc-85">
         <name>.debug_line</name>
         <load_address>0xba2</load_address>
         <run_address>0xba2</run_address>
         <size>0x38</size>
         <input_file_ref idref="fl-1d"/>
      </object_component>
      <object_component id="oc-89">
         <name>.debug_line</name>
         <load_address>0xbda</load_address>
         <run_address>0xbda</run_address>
         <size>0x37</size>
         <input_file_ref idref="fl-1e"/>
      </object_component>
      <object_component id="oc-8f">
         <name>.debug_line</name>
         <load_address>0xc11</load_address>
         <run_address>0xc11</run_address>
         <size>0x57</size>
         <input_file_ref idref="fl-1f"/>
      </object_component>
      <object_component id="oc-95">
         <name>.debug_line</name>
         <load_address>0xc68</load_address>
         <run_address>0xc68</run_address>
         <size>0x328</size>
         <input_file_ref idref="fl-20"/>
      </object_component>
      <object_component id="oc-99">
         <name>.debug_line</name>
         <load_address>0xf90</load_address>
         <run_address>0xf90</run_address>
         <size>0x41</size>
         <input_file_ref idref="fl-21"/>
      </object_component>
      <object_component id="oc-9d">
         <name>.debug_line</name>
         <load_address>0xfd1</load_address>
         <run_address>0xfd1</run_address>
         <size>0x46</size>
         <input_file_ref idref="fl-22"/>
      </object_component>
      <object_component id="oc-a1">
         <name>.debug_line</name>
         <load_address>0x1017</load_address>
         <run_address>0x1017</run_address>
         <size>0x55</size>
         <input_file_ref idref="fl-23"/>
      </object_component>
      <object_component id="oc-a5">
         <name>.debug_line</name>
         <load_address>0x106c</load_address>
         <run_address>0x106c</run_address>
         <size>0xad</size>
         <input_file_ref idref="fl-24"/>
      </object_component>
      <object_component id="oc-af">
         <name>.debug_line</name>
         <load_address>0x1119</load_address>
         <run_address>0x1119</run_address>
         <size>0x44</size>
         <input_file_ref idref="fl-27"/>
      </object_component>
      <object_component id="oc-b3">
         <name>.debug_line</name>
         <load_address>0x115d</load_address>
         <run_address>0x115d</run_address>
         <size>0x3d</size>
         <input_file_ref idref="fl-28"/>
      </object_component>
      <object_component id="oc-b7">
         <name>.debug_line</name>
         <load_address>0x119a</load_address>
         <run_address>0x119a</run_address>
         <size>0x3d</size>
         <input_file_ref idref="fl-29"/>
      </object_component>
      <object_component id="oc-bb">
         <name>.debug_line</name>
         <load_address>0x11d7</load_address>
         <run_address>0x11d7</run_address>
         <size>0x56</size>
         <input_file_ref idref="fl-2a"/>
      </object_component>
      <object_component id="oc-c0">
         <name>.debug_line</name>
         <load_address>0x122d</load_address>
         <run_address>0x122d</run_address>
         <size>0xa8</size>
         <input_file_ref idref="fl-2b"/>
      </object_component>
      <object_component id="oc-c4">
         <name>.debug_line</name>
         <load_address>0x12d5</load_address>
         <run_address>0x12d5</run_address>
         <size>0x3a</size>
         <input_file_ref idref="fl-2c"/>
      </object_component>
      <object_component id="oc-c8">
         <name>.debug_line</name>
         <load_address>0x130f</load_address>
         <run_address>0x130f</run_address>
         <size>0x38</size>
         <input_file_ref idref="fl-2d"/>
      </object_component>
      <object_component id="oc-cc">
         <name>.debug_line</name>
         <load_address>0x1347</load_address>
         <run_address>0x1347</run_address>
         <size>0xa8</size>
         <input_file_ref idref="fl-2e"/>
      </object_component>
      <object_component id="oc-d2">
         <name>.debug_line</name>
         <load_address>0x13ef</load_address>
         <run_address>0x13ef</run_address>
         <size>0x1b0</size>
         <input_file_ref idref="fl-2f"/>
      </object_component>
      <object_component id="oc-d6">
         <name>.debug_line</name>
         <load_address>0x159f</load_address>
         <run_address>0x159f</run_address>
         <size>0x40</size>
         <input_file_ref idref="fl-30"/>
      </object_component>
      <object_component id="oc-da">
         <name>.debug_line</name>
         <load_address>0x15df</load_address>
         <run_address>0x15df</run_address>
         <size>0x3c</size>
         <input_file_ref idref="fl-31"/>
      </object_component>
      <object_component id="oc-de">
         <name>.debug_line</name>
         <load_address>0x161b</load_address>
         <run_address>0x161b</run_address>
         <size>0x4d</size>
         <input_file_ref idref="fl-32"/>
      </object_component>
      <object_component id="oc-e3">
         <name>.debug_line</name>
         <load_address>0x1668</load_address>
         <run_address>0x1668</run_address>
         <size>0x3c</size>
         <input_file_ref idref="fl-33"/>
      </object_component>
      <object_component id="oc-e7">
         <name>.debug_line</name>
         <load_address>0x16a4</load_address>
         <run_address>0x16a4</run_address>
         <size>0x37</size>
         <input_file_ref idref="fl-34"/>
      </object_component>
      <object_component id="oc-eb">
         <name>.debug_line</name>
         <load_address>0x16db</load_address>
         <run_address>0x16db</run_address>
         <size>0x3c</size>
         <input_file_ref idref="fl-35"/>
      </object_component>
      <object_component id="oc-ef">
         <name>.debug_line</name>
         <load_address>0x1717</load_address>
         <run_address>0x1717</run_address>
         <size>0x44</size>
         <input_file_ref idref="fl-36"/>
      </object_component>
      <object_component id="oc-f4">
         <name>.debug_line</name>
         <load_address>0x175b</load_address>
         <run_address>0x175b</run_address>
         <size>0x3a</size>
         <input_file_ref idref="fl-37"/>
      </object_component>
      <object_component id="oc-f9">
         <name>.debug_line</name>
         <load_address>0x1795</load_address>
         <run_address>0x1795</run_address>
         <size>0x15d</size>
         <input_file_ref idref="fl-38"/>
      </object_component>
      <object_component id="oc-ff">
         <name>.debug_line</name>
         <load_address>0x18f2</load_address>
         <run_address>0x18f2</run_address>
         <size>0x6a</size>
         <input_file_ref idref="fl-39"/>
      </object_component>
      <object_component id="oc-103">
         <name>.debug_line</name>
         <load_address>0x195c</load_address>
         <run_address>0x195c</run_address>
         <size>0x58</size>
         <input_file_ref idref="fl-3a"/>
      </object_component>
      <object_component id="oc-107">
         <name>.debug_line</name>
         <load_address>0x19b4</load_address>
         <run_address>0x19b4</run_address>
         <size>0x57</size>
         <input_file_ref idref="fl-3b"/>
      </object_component>
      <object_component id="oc-10b">
         <name>.debug_line</name>
         <load_address>0x1a0b</load_address>
         <run_address>0x1a0b</run_address>
         <size>0x3c</size>
         <input_file_ref idref="fl-3c"/>
      </object_component>
      <object_component id="oc-10f">
         <name>.debug_line</name>
         <load_address>0x1a47</load_address>
         <run_address>0x1a47</run_address>
         <size>0x5b</size>
         <input_file_ref idref="fl-3d"/>
      </object_component>
      <object_component id="oc-113">
         <name>.debug_line</name>
         <load_address>0x1aa2</load_address>
         <run_address>0x1aa2</run_address>
         <size>0x3c</size>
         <input_file_ref idref="fl-3e"/>
      </object_component>
      <object_component id="oc-117">
         <name>.debug_line</name>
         <load_address>0x1ade</load_address>
         <run_address>0x1ade</run_address>
         <size>0x3f</size>
         <input_file_ref idref="fl-3f"/>
      </object_component>
      <object_component id="oc-11d">
         <name>.debug_line</name>
         <load_address>0x1b1d</load_address>
         <run_address>0x1b1d</run_address>
         <size>0xd7</size>
         <input_file_ref idref="fl-40"/>
      </object_component>
      <object_component id="oc-124">
         <name>.debug_line</name>
         <load_address>0x1bf4</load_address>
         <run_address>0x1bf4</run_address>
         <size>0x112</size>
         <input_file_ref idref="fl-41"/>
      </object_component>
      <object_component id="oc-128">
         <name>.debug_line</name>
         <load_address>0x1d06</load_address>
         <run_address>0x1d06</run_address>
         <size>0x3d</size>
         <input_file_ref idref="fl-42"/>
      </object_component>
      <object_component id="oc-12c">
         <name>.debug_line</name>
         <load_address>0x1d43</load_address>
         <run_address>0x1d43</run_address>
         <size>0x39</size>
         <input_file_ref idref="fl-43"/>
      </object_component>
      <object_component id="oc-1d">
         <name>.debug_abbrev</name>
         <load_address>0x0</load_address>
         <run_address>0x0</run_address>
         <size>0xd0</size>
         <input_file_ref idref="fl-2"/>
      </object_component>
      <object_component id="oc-25">
         <name>.debug_abbrev</name>
         <load_address>0xd0</load_address>
         <run_address>0xd0</run_address>
         <size>0x13d</size>
         <input_file_ref idref="fl-3"/>
      </object_component>
      <object_component id="oc-2a">
         <name>.debug_abbrev</name>
         <load_address>0x20d</load_address>
         <run_address>0x20d</run_address>
         <size>0xbd</size>
         <input_file_ref idref="fl-4"/>
      </object_component>
      <object_component id="oc-2f">
         <name>.debug_abbrev</name>
         <load_address>0x2ca</load_address>
         <run_address>0x2ca</run_address>
         <size>0x158</size>
         <input_file_ref idref="fl-a"/>
      </object_component>
      <object_component id="oc-34">
         <name>.debug_abbrev</name>
         <load_address>0x422</load_address>
         <run_address>0x422</run_address>
         <size>0x112</size>
         <input_file_ref idref="fl-b"/>
      </object_component>
      <object_component id="oc-39">
         <name>.debug_abbrev</name>
         <load_address>0x534</load_address>
         <run_address>0x534</run_address>
         <size>0xe0</size>
         <input_file_ref idref="fl-c"/>
      </object_component>
      <object_component id="oc-3d">
         <name>.debug_abbrev</name>
         <load_address>0x614</load_address>
         <run_address>0x614</run_address>
         <size>0xd4</size>
         <input_file_ref idref="fl-d"/>
      </object_component>
      <object_component id="oc-41">
         <name>.debug_abbrev</name>
         <load_address>0x6e8</load_address>
         <run_address>0x6e8</run_address>
         <size>0x3a</size>
         <input_file_ref idref="fl-e"/>
      </object_component>
      <object_component id="oc-45">
         <name>.debug_abbrev</name>
         <load_address>0x722</load_address>
         <run_address>0x722</run_address>
         <size>0x112</size>
         <input_file_ref idref="fl-f"/>
      </object_component>
      <object_component id="oc-4c">
         <name>.debug_abbrev</name>
         <load_address>0x834</load_address>
         <run_address>0x834</run_address>
         <size>0xf7</size>
         <input_file_ref idref="fl-10"/>
      </object_component>
      <object_component id="oc-50">
         <name>.debug_abbrev</name>
         <load_address>0x92b</load_address>
         <run_address>0x92b</run_address>
         <size>0x8f</size>
         <input_file_ref idref="fl-11"/>
      </object_component>
      <object_component id="oc-54">
         <name>.debug_abbrev</name>
         <load_address>0x9ba</load_address>
         <run_address>0x9ba</run_address>
         <size>0xb7</size>
         <input_file_ref idref="fl-12"/>
      </object_component>
      <object_component id="oc-58">
         <name>.debug_abbrev</name>
         <load_address>0xa71</load_address>
         <run_address>0xa71</run_address>
         <size>0x8f</size>
         <input_file_ref idref="fl-13"/>
      </object_component>
      <object_component id="oc-5d">
         <name>.debug_abbrev</name>
         <load_address>0xb00</load_address>
         <run_address>0xb00</run_address>
         <size>0xc2</size>
         <input_file_ref idref="fl-14"/>
      </object_component>
      <object_component id="oc-61">
         <name>.debug_abbrev</name>
         <load_address>0xbc2</load_address>
         <run_address>0xbc2</run_address>
         <size>0x8f</size>
         <input_file_ref idref="fl-15"/>
      </object_component>
      <object_component id="oc-66">
         <name>.debug_abbrev</name>
         <load_address>0xc51</load_address>
         <run_address>0xc51</run_address>
         <size>0xc2</size>
         <input_file_ref idref="fl-16"/>
      </object_component>
      <object_component id="oc-6a">
         <name>.debug_abbrev</name>
         <load_address>0xd13</load_address>
         <run_address>0xd13</run_address>
         <size>0x9a</size>
         <input_file_ref idref="fl-17"/>
      </object_component>
      <object_component id="oc-6e">
         <name>.debug_abbrev</name>
         <load_address>0xdad</load_address>
         <run_address>0xdad</run_address>
         <size>0x38</size>
         <input_file_ref idref="fl-18"/>
      </object_component>
      <object_component id="oc-72">
         <name>.debug_abbrev</name>
         <load_address>0xde5</load_address>
         <run_address>0xde5</run_address>
         <size>0xdc</size>
         <input_file_ref idref="fl-19"/>
      </object_component>
      <object_component id="oc-76">
         <name>.debug_abbrev</name>
         <load_address>0xec1</load_address>
         <run_address>0xec1</run_address>
         <size>0x145</size>
         <input_file_ref idref="fl-1a"/>
      </object_component>
      <object_component id="oc-7d">
         <name>.debug_abbrev</name>
         <load_address>0x1006</load_address>
         <run_address>0x1006</run_address>
         <size>0xcc</size>
         <input_file_ref idref="fl-1b"/>
      </object_component>
      <object_component id="oc-81">
         <name>.debug_abbrev</name>
         <load_address>0x10d2</load_address>
         <run_address>0x10d2</run_address>
         <size>0x8f</size>
         <input_file_ref idref="fl-1c"/>
      </object_component>
      <object_component id="oc-86">
         <name>.debug_abbrev</name>
[...]
         <value>0x4af9</value>
         <object_component_ref idref="oc-35"/>
      </symbol>
      <symbol id="sm-16d">
         <name>_EZDSP5502_I2CGPIO_read</name>
         <value>0x4b4c</value>
         <object_component_ref idref="oc-35"/>
      </symbol>
      <symbol id="sm-16e">
         <name>_EZDSP5502_I2CGPIO_write</name>
         <value>0x4b99</value>
         <object_component_ref idref="oc-35"/>
      </symbol>
      <symbol id="sm-16f">
         <name>_EZDSP5502_I2CGPIO_configLine</name>
         <value>0x4a75</value>
         <object_component_ref idref="oc-35"/>
      </symbol>
      <symbol id="sm-179">
         <name>__addd</name>
         <value>0x3fed</value>
         <object_component_ref idref="oc-3a"/>
      </symbol>
      <symbol id="sm-185">
         <name>__sysstack</name>
         <value>0x9e40</value>
         <object_component_ref idref="oc-138"/>
      </symbol>
      <symbol id="sm-186">
         <name>_c_int00</name>
         <value>0x5ca5</value>
         <object_component_ref idref="oc-16"/>
      </symbol>
      <symbol id="sm-187">
         <name>__stack</name>
         <value>0x5e40</value>
         <object_component_ref idref="oc-3e"/>
      </symbol>
      <symbol id="sm-193">
         <name>__divd</name>
         <value>0x3744</value>
         <object_component_ref idref="oc-42"/>
      </symbol>
      <symbol id="sm-1a3">
         <name>C$$EXIT</name>
         <value>0x5e2f</value>
         <object_component_ref idref="oc-4a"/>
      </symbol>
      <symbol id="sm-1a4">
         <name>_exit</name>
         <value>0x5c67</value>
         <object_component_ref idref="oc-46"/>
      </symbol>
      <symbol id="sm-1a5">
         <name>_abort</name>
         <value>0x5e2e</value>
         <object_component_ref idref="oc-4a"/>
      </symbol>
      <symbol id="sm-1a6">
         <name>__cleanup_ptr</name>
         <value>0xb31c</value>
         <object_component_ref idref="oc-47"/>
      </symbol>
      <symbol id="sm-1a7">
         <name>__dtors_ptr</name>
         <value>0xb320</value>
         <object_component_ref idref="oc-47"/>
      </symbol>
      <symbol id="sm-1b1">
         <name>__fixdu</name>
         <value>0x5d50</value>
         <object_component_ref idref="oc-4d"/>
      </symbol>
      <symbol id="sm-1bb">
         <name>__fixdul</name>
         <value>0x5487</value>
         <object_component_ref idref="oc-51"/>
      </symbol>
      <symbol id="sm-1c5">
         <name>__fltid</name>
         <value>0x5e18</value>
         <object_component_ref idref="oc-55"/>
      </symbol>
      <symbol id="sm-1d1">
         <name>__fltlid</name>
         <value>0x58ef</value>
         <object_component_ref idref="oc-59"/>
      </symbol>
      <symbol id="sm-1db">
         <name>__fltud</name>
         <value>0x5ddf</value>
         <object_component_ref idref="oc-5e"/>
      </symbol>
      <symbol id="sm-1e7">
         <name>__fltuld</name>
         <value>0x5a11</value>
         <object_component_ref idref="oc-62"/>
      </symbol>
      <symbol id="sm-1f1">
         <name>__frcmpyd_div</name>
         <value>0x5574</value>
         <object_component_ref idref="oc-67"/>
      </symbol>
      <symbol id="sm-1f9">
         <name>__mpyli</name>
         <value>0x5d99</value>
         <object_component_ref idref="oc-6b"/>
      </symbol>
      <symbol id="sm-1fa">
         <name>I$$LMPY</name>
         <value>0x5d99</value>
         <object_component_ref idref="oc-6b"/>
      </symbol>
      <symbol id="sm-204">
         <name>__mpyd</name>
         <value>0x4bc3</value>
         <object_component_ref idref="oc-6f"/>
      </symbol>
      <symbol id="sm-20e">
         <name>_printf</name>
         <value>0x5a6c</value>
         <object_component_ref idref="oc-73"/>
      </symbol>
      <symbol id="sm-21f">
         <name>_sin</name>
         <value>0x4247</value>
         <object_component_ref idref="oc-77"/>
      </symbol>
      <symbol id="sm-229">
         <name>__subd</name>
         <value>0x5d85</value>
         <object_component_ref idref="oc-7e"/>
      </symbol>
      <symbol id="sm-235">
         <name>__trunc</name>
         <value>0x5be7</value>
         <object_component_ref idref="oc-82"/>
      </symbol>
      <symbol id="sm-23f">
         <name>_Reset</name>
         <value>0xfe00</value>
         <object_component_ref idref="oc-17"/>
      </symbol>
      <symbol id="sm-24d">
         <name>__unlock</name>
         <value>0xb318</value>
         <object_component_ref idref="oc-8c"/>
      </symbol>
      <symbol id="sm-24e">
         <name>__lock</name>
         <value>0xb314</value>
         <object_component_ref idref="oc-8c"/>
      </symbol>
      <symbol id="sm-24f">
         <name>__register_lock</name>
         <value>0x5db4</value>
         <object_component_ref idref="oc-8b"/>
      </symbol>
      <symbol id="sm-250">
         <name>__nop</name>
         <value>0x5dbc</value>
         <object_component_ref idref="oc-8b"/>
      </symbol>
      <symbol id="sm-251">
         <name>__register_unlock</name>
         <value>0x5dac</value>
         <object_component_ref idref="oc-8b"/>
      </symbol>
      <symbol id="sm-263">
         <name>__printfi</name>
         <value>0x1662</value>
         <object_component_ref idref="oc-91"/>
      </symbol>
      <symbol id="sm-26d">
         <name>__args_main</name>
         <value>0x5b09</value>
         <object_component_ref idref="oc-97"/>
      </symbol>
      <symbol id="sm-26e">
         <name>__TI_args_main</name>
         <value>0x1</value>
      </symbol>
      <symbol id="sm-278">
         <name>_atoi</name>
         <value>0x59b5</value>
         <object_component_ref idref="oc-9b"/>
      </symbol>
      <symbol id="sm-280">
         <name>_auto_init</name>
         <value>0x5abc</value>
         <object_component_ref idref="oc-9f"/>
      </symbol>
      <symbol id="sm-28a">
         <name>__eqld</name>
         <value>0x4597</value>
         <object_component_ref idref="oc-a3"/>
      </symbol>
      <symbol id="sm-28b">
         <name>__cmpd</name>
         <value>0x45cb</value>
         <object_component_ref idref="oc-a3"/>
      </symbol>
      <symbol id="sm-28c">
         <name>__neqd</name>
         <value>0x4439</value>
         <object_component_ref idref="oc-a3"/>
      </symbol>
      <symbol id="sm-28d">
         <name>__gtrd</name>
         <value>0x4502</value>
         <object_component_ref idref="oc-a3"/>
      </symbol>
      <symbol id="sm-28e">
         <name>__geqd</name>
         <value>0x454d</value>
         <object_component_ref idref="oc-a3"/>
      </symbol>
      <symbol id="sm-28f">
         <name>__leqd</name>
         <value>0x44b5</value>
         <object_component_ref idref="oc-a3"/>
      </symbol>
      <symbol id="sm-290">
         <name>__lssd</name>
         <value>0x446d</value>
         <object_component_ref idref="oc-a3"/>
      </symbol>
      <symbol id="sm-298">
         <name>__ctypes_</name>
         <value>0xb340</value>
         <object_component_ref idref="oc-13b"/>
      </symbol>
      <symbol id="sm-2a2">
         <name>__tmpnams</name>
         <value>0xaf30</value>
         <object_component_ref idref="oc-a9"/>
      </symbol>
      <symbol id="sm-2a3">
         <name>__ft_end</name>
         <value>0xb070</value>
         <object_component_ref idref="oc-a9"/>
      </symbol>
      <symbol id="sm-2a4">
         <name>__ftable</name>
         <value>0xae40</value>
         <object_component_ref idref="oc-a9"/>
      </symbol>
      <symbol id="sm-2af">
         <name>__divul</name>
         <value>0x52ee</value>
         <object_component_ref idref="oc-ad"/>
      </symbol>
      <symbol id="sm-2b9">
         <name>__fixdi</name>
         <value>0x5cd9</value>
         <object_component_ref idref="oc-b1"/>
      </symbol>
      <symbol id="sm-2c3">
         <name>__fixdli</name>
         <value>0x573b</value>
         <object_component_ref idref="oc-b5"/>
      </symbol>
      <symbol id="sm-2cd">
         <name>_putchar</name>
         <value>0x52df</value>
         <object_component_ref idref="oc-b9"/>
      </symbol>
      <symbol id="sm-2ce">
         <name>_putc</name>
         <value>0x5248</value>
         <object_component_ref idref="oc-b9"/>
      </symbol>
      <symbol id="sm-2cf">
         <name>_fputc</name>
         <value>0x5248</value>
         <object_component_ref idref="oc-b9"/>
      </symbol>
      <symbol id="sm-2dd">
         <name>_puts</name>
         <value>0x48e7</value>
         <object_component_ref idref="oc-bd"/>
      </symbol>
      <symbol id="sm-2de">
         <name>_fputs</name>
         <value>0x47b2</value>
         <object_component_ref idref="oc-bd"/>
      </symbol>
      <symbol id="sm-2e8">
         <name>__frcmpyd</name>
         <value>0x54fe</value>
         <object_component_ref idref="oc-c2"/>
      </symbol>
      <symbol id="sm-2f2">
         <name>___isinf</name>
         <value>0x5d6b</value>
         <object_component_ref idref="oc-c6"/>
      </symbol>
      <symbol id="sm-2fc">
         <name>__divull</name>
         <value>0x3ec4</value>
         <object_component_ref idref="oc-ca"/>
      </symbol>
      <symbol id="sm-2fd">
         <name>__mpylli</name>
         <value>0x3e0c</value>
         <object_component_ref idref="oc-ca"/>
      </symbol>
      <symbol id="sm-2fe">
         <name>__remlli</name>
         <value>0x3ddd</value>
         <object_component_ref idref="oc-ca"/>
      </symbol>
      <symbol id="sm-2ff">
         <name>__divlli</name>
         <value>0x3fb8</value>
         <object_component_ref idref="oc-ca"/>
      </symbol>
      <symbol id="sm-300">
         <name>__remull</name>
         <value>0x3d8f</value>
         <object_component_ref idref="oc-ca"/>
      </symbol>
      <symbol id="sm-312">
         <name>_add_device</name>
         <value>0x2c77</value>
         <object_component_ref idref="oc-ce"/>
      </symbol>
      <symbol id="sm-313">
         <name>_rename</name>
         <value>0x2999</value>
         <object_component_ref idref="oc-ce"/>
      </symbol>
      <symbol id="sm-314">
         <name>_read</name>
         <value>0x2a28</value>
         <object_component_ref idref="oc-ce"/>
      </symbol>
      <symbol id="sm-315">
         <name>_unlink</name>
         <value>0x2966</value>
         <object_component_ref idref="oc-ce"/>
      </symbol>
      <symbol id="sm-316">
         <name>_remove_device</name>
         <value>0x29f2</value>
         <object_component_ref idref="oc-ce"/>
      </symbol>
      <symbol id="sm-317">
         <name>_open</name>
         <value>0x2ad6</value>
         <object_component_ref idref="oc-ce"/>
      </symbol>
      <symbol id="sm-318">
         <name>_find_registered_device</name>
         <value>0x2bfb</value>
         <object_component_ref idref="oc-ce"/>
      </symbol>
      <symbol id="sm-319">
         <name>_lseek</name>
         <value>0x2b95</value>
         <object_component_ref idref="oc-ce"/>
      </symbol>
      <symbol id="sm-31a">
         <name>_close</name>
         <value>0x2c04</value>
         <object_component_ref idref="oc-ce"/>
      </symbol>
      <symbol id="sm-31b">
         <name>_write</name>
         <value>0x2824</value>
         <object_component_ref idref="oc-ce"/>
      </symbol>
      <symbol id="sm-325">
         <name>_ltoa</name>
         <value>0x538f</value>
         <object_component_ref idref="oc-d4"/>
      </symbol>
      <symbol id="sm-330">
         <name>_memccpy</name>
         <value>0x5d2d</value>
         <object_component_ref idref="oc-d8"/>
      </symbol>
      <symbol id="sm-338">
         <name>_memcpy</name>
         <value>0x5c28</value>
         <object_component_ref idref="oc-dc"/>
      </symbol>
      <symbol id="sm-344">
         <name>_modf</name>
         <value>0x50cf</value>
         <object_component_ref idref="oc-e0"/>
      </symbol>
      <symbol id="sm-34e">
         <name>__negd</name>
         <value>0x5dbe</value>
         <object_component_ref idref="oc-e5"/>
      </symbol>
      <symbol id="sm-358">
         <name>__remli</name>
         <value>0x5b54</value>
         <object_component_ref idref="oc-e9"/>
      </symbol>
      <symbol id="sm-363">
         <name>__remul</name>
         <value>0x565a</value>
         <object_component_ref idref="oc-ed"/>
      </symbol>
      <symbol id="sm-36f">
         <name>__nround</name>
         <value>0x5956</value>
         <object_component_ref idref="oc-f1"/>
      </symbol>
      <symbol id="sm-37b">
         <name>_HOSTopen</name>
         <value>0x3072</value>
         <object_component_ref idref="oc-f6"/>
      </symbol>
      <symbol id="sm-37c">
         <name>_HOSTread</name>
         <value>0x2fe5</value>
         <object_component_ref idref="oc-f6"/>
      </symbol>
      <symbol id="sm-37d">
         <name>_HOSTtime</name>
         <value>0x2ed9</value>
         <object_component_ref idref="oc-f6"/>
      </symbol>
      <symbol id="sm-37e">
         <name>_getenv</name>
         <value>0x2d67</value>
         <object_component_ref idref="oc-f6"/>
      </symbol>
      <symbol id="sm-37f">
         <name>_HOSTrename</name>
         <value>0x2f37</value>
         <object_component_ref idref="oc-f6"/>
      </symbol>
      <symbol id="sm-380">
         <name>_HOSTclock</name>
         <value>0x3231</value>
         <object_component_ref idref="oc-f6"/>
      </symbol>
      <symbol id="sm-381">
         <name>_HOSTwrite</name>
         <value>0x2de2</value>
         <object_component_ref idref="oc-f6"/>
      </symbol>
      <symbol id="sm-382">
         <name>_HOSTlseek</name>
         <value>0x3111</value>
         <object_component_ref idref="oc-f6"/>
      </symbol>
      <symbol id="sm-383">
         <name>_HOSTunlink</name>
         <value>0x2e6f</value>
         <object_component_ref idref="oc-f6"/>
      </symbol>
      <symbol id="sm-384">
         <name>_HOSTclose</name>
         <value>0x31c6</value>
         <object_component_ref idref="oc-f6"/>
      </symbol>
      <symbol id="sm-396">
         <name>C$$IO$$</name>
         <value>0x5243</value>
         <object_component_ref idref="oc-fe"/>
      </symbol>
      <symbol id="sm-397">
         <name>__CIOBUF_</name>
         <value>0xb760</value>
         <object_component_ref idref="oc-fd"/>
      </symbol>
      <symbol id="sm-398">
         <name>_readmsg</name>
         <value>0x5817</value>
         <object_component_ref idref="oc-fb"/>
      </symbol>
      <symbol id="sm-399">
         <name>_writemsg</name>
         <value>0x518e</value>
         <object_component_ref idref="oc-fe"/>
      </symbol>
      <symbol id="sm-3a1">
         <name>__remu</name>
         <value>0x5d18</value>
         <object_component_ref idref="oc-101"/>
      </symbol>
      <symbol id="sm-3a2">
         <name>__divu</name>
         <value>0x5d03</value>
         <object_component_ref idref="oc-101"/>
      </symbol>
      <symbol id="sm-3a3">
         <name>I$$UMOD</name>
         <value>0x5d18</value>
         <object_component_ref idref="oc-101"/>
      </symbol>
      <symbol id="sm-3a4">
         <name>I$$UDIV</name>
         <value>0x5d03</value>
         <object_component_ref idref="oc-101"/>
      </symbol>
      <symbol id="sm-3ae">
         <name>__rd_ok</name>
         <value>0x4fb0</value>
         <object_component_ref idref="oc-105"/>
      </symbol>
      <symbol id="sm-3af">
         <name>__wrt_ok</name>
         <value>0x4f30</value>
         <object_component_ref idref="oc-105"/>
      </symbol>
      <symbol id="sm-3b9">
         <name>__divli</name>
         <value>0x5b9f</value>
         <object_component_ref idref="oc-109"/>
      </symbol>
      <symbol id="sm-3c3">
         <name>__doflush</name>
         <value>0x500d</value>
         <object_component_ref idref="oc-10d"/>
      </symbol>
      <symbol id="sm-3c4">
         <name>_fflush</name>
         <value>0x5076</value>
         <object_component_ref idref="oc-10d"/>
      </symbol>
      <symbol id="sm-3ce">
         <name>_fseek</name>
         <value>0x5884</value>
         <object_component_ref idref="oc-111"/>
      </symbol>
      <symbol id="sm-3d8">
         <name>_setvbuf</name>
         <value>0x4e4a</value>
         <object_component_ref idref="oc-115"/>
      </symbol>
      <symbol id="sm-3e7">
         <name>__cleanup</name>
         <value>0x3c31</value>
         <object_component_ref idref="oc-119"/>
      </symbol>
      <symbol id="sm-3e8">
         <name>_fopen</name>
         <value>0x3d54</value>
         <object_component_ref idref="oc-119"/>
      </symbol>
      <symbol id="sm-3e9">
         <name>_freopen</name>
         <value>0x3c8b</value>
         <object_component_ref idref="oc-119"/>
      </symbol>
      <symbol id="sm-3f9">
         <name>__sys_memory</name>
         <value>0x7e40</value>
         <object_component_ref idref="oc-123"/>
      </symbol>
      <symbol id="sm-3fa">
         <name>_chkheap</name>
         <value>0x3716</value>
         <object_component_ref idref="oc-11f"/>
      </symbol>
      <symbol id="sm-3fb">
         <name>_realloc</name>
         <value>0x34b5</value>
         <object_component_ref idref="oc-11f"/>
      </symbol>
      <symbol id="sm-3fc">
         <name>_free_memory</name>
         <value>0x36c0</value>
         <object_component_ref idref="oc-11f"/>
      </symbol>
      <symbol id="sm-3fd">
         <name>_max_free</name>
         <value>0x3666</value>
         <object_component_ref idref="oc-11f"/>
      </symbol>
      <symbol id="sm-3fe">
         <name>_free</name>
         <value>0x328f</value>
         <object_component_ref idref="oc-11f"/>
      </symbol>
      <symbol id="sm-3ff">
         <name>_calloc</name>
         <value>0x371e</value>
         <object_component_ref idref="oc-11f"/>
      </symbol>
      <symbol id="sm-400">
         <name>_malloc</name>
         <value>0x33c0</value>
         <object_component_ref idref="oc-11f"/>
      </symbol>
      <symbol id="sm-401">
         <name>_minit</name>
         <value>0x335b</value>
         <object_component_ref idref="oc-11f"/>
      </symbol>
      <symbol id="sm-40b">
         <name>_fclose</name>
         <value>0x540c</value>
         <object_component_ref idref="oc-126"/>
      </symbol>
      <symbol id="sm-415">
         <name>_remove</name>
         <value>0x5e24</value>
         <object_component_ref idref="oc-12a"/>
      </symbol>
      <symbol id="sm-419">
         <name>__CSL_init</name>
         <value>0x5df0</value>
         <object_component_ref idref="oc-12e"/>
      </symbol>
      <symbol id="sm-41f">
         <name>_CSL5502_LIB_</name>
         <value>0x5e38</value>
         <object_component_ref idref="oc-12f"/>
      </symbol>
      <symbol id="sm-420">
         <name>_CSL_init</name>
         <value>0x5e00</value>
         <object_component_ref idref="oc-130"/>
      </symbol>
      <symbol id="sm-426">
         <name>_CSL_SysData</name>
         <value>0xbb00</value>
         <object_component_ref idref="oc-132"/>
      </symbol>
      <symbol id="sm-42a">
         <name>_I2C_config</name>
         <value>0x55e8</value>
         <object_component_ref idref="oc-133"/>
      </symbol>
      <symbol id="sm-432">
         <name>_I2C_read</name>
         <value>0x4918</value>
         <object_component_ref idref="oc-134"/>
      </symbol>
      <symbol id="sm-43c">
         <name>_I2C_write</name>
         <value>0x4624</value>
         <object_component_ref idref="oc-135"/>
      </symbol>
      <symbol id="sm-440">
         <name>_IRQ_globalDisable</name>
         <value>0x5dd0</value>
         <object_component_ref idref="oc-136"/>
      </symbol>
      <symbol id="sm-444">
         <name>_IRQ_globalRestore</name>
         <value>0x5e0c</value>
         <object_component_ref idref="oc-137"/>
      </symbol>
   </symbol_table>
</link_info>
